🔍 [DRY-RUN] would move to recycle bin: C:\Users\MamoTech\Desktop\Graphics, Picture\recycle-bin\small\Desktop\Graphics,
Picture\JPEG Graphics file\2000~2400\Recovered_jpg_file(20508).jpg
🔍 [DRY-RUN] would move to recycle bin: C:\Users\MamoTech\Desktop\Graphics, Picture\recycle-bin\small\Desktop\Graphics,
Picture\JPEG Graphics file\2000~2400\Recovered_jpg_file(8685).jpg

🔍 [DRY-RUN] would move to recycle bin: C:\Users\MamoTech\Desktop\Graphics,
Picture\recycle-bin\similar\Desktop\Graphics, Picture\JPEG Graphics file\1200~1600\Recovered_jpg_file(10336).jpg
يرجى ازالة هذه السجلات من واجهة البرنامج لانه لكل صورة يعطي هذه المخرجات واذا عندي الاف الصور يوجد الاف المخرجات في الواجهة 



🔍 DRY-RUN MODE — nothing will actually be moved or deleted. Reports show what WOULD happen.
ابقي هذه فقط تنبيه اننا في وضع dry-run 

🧩 Group #14
🟢 Kept Image:
  📄 samsung SM-J120H_20220720_164206.jpg
  💾 Size: 0.9 MB
  📐 Dimensions: 2560x1536
  📅 Date Extracted: 2022-07-20 00:00:00 (date only - no time in filename)
  🧭 Date Source:    filename
  🔢 Filename Importance: 6/9
  🕒 Modified: 2022-07-20 19:42:06
📌 Selection Reason: kept file has a higher weighted score (+4.4 pts; main advantage: filename importance: 6/9 vs 2/9)
❌ Deleted Images:
  📄 Recovered_jpg_file(979).jpg
  💾 Size: 0.9 MB
  📐 Dimensions: 2560x1536
  📅 Date Extracted: 2022-07-20 16:42:06
  🧭 Date Source:    exif
  🔢 Filename Importance: 2/9
  🕒 Modified: 2026-08-01 11:30:23
  📌 Deletion Reason: kept file has a higher weighted score (+4.4 pts; main advantage: filename importance: 6/9 vs 2/9)
اصبحت التقارير فيها خطأ صغير
سبب الحذف لم يعد مكتوبا بشكل جيد وواضح وايضا سبب الابقاء
يعني سبب الحذف نرى هنا انه 
Deletion Reason: kept file has a higher weighted score (+4.4 pts; main advantage: filename importance: 6/9 vs 2/9)
لماذا سبب الحذف الملف اللذي تم ابقائه كذا كذا 
لماذا لا تخبرني سبب الحذف بشكل مباشر وبسيط ؟
وسبب الابقاء ايضا نرى انه 
 Selection Reason: kept file has a higher weighted score (+4.4 pts; main advantage: filename importance: 6/9 vs 2/9)
فقط اعطيني النتيجة وهي filename importance
📌 Selection Reason: kept file has a higher weighted score (+4.4 pts; main advantage: filename importance: 6/9 vs 2/9)


🧩 Group #226
🟢 Kept Image:
  📄 img_1020x471x24_029121.jpg
  💾 Size: 0.04 MB
  📐 Dimensions: 1020x471
  📅 Date Extracted: Unknown
  🧭 Date Source:    none
  🔢 Filename Importance: 8/9
  🕒 Modified: 2026-09-23 19:30:15
📌 Selection Reason: No decisive difference in weighted criteria (tie broken by scan order)
❌ Deleted Images:
  📄 img_1020x471x24_029099.jpg
  💾 Size: 0.04 MB
  📐 Dimensions: 1020x471
  📅 Date Extracted: Unknown
  🧭 Date Source:    none
  🔢 Filename Importance: 8/9
  🕒 Modified: 2026-09-23 19:30:15
  📌 Deletion Reason: No decisive difference in weighted criteria (tie broken by scan order)
وهنا ايضا تعادل لكن عند التعادل يبدو انه لم يعد يتخذ ترتيب الاسم الابجدي بالحسبان

📌 Selection Reason: No decisive difference in weighted criteria (tie broken by scan order)

📌 Selection Reason: kept file has a higher weighted score (+10.6 pts; main advantage: file size: 0.38 MB vs 0.34 MB)

اسباب الحذف والابقاء اصبحت غير مفهومة جيدا بسبب تعقيدها يجب ان تكون ابسط قليلا للمستخدمين

وبعد كل هذا 
ليس هناك مسار لكل ملف في التقارير فقط في حذف الصور التالفة في وضع dry-run يرجى اضافة مسارات الملفات في كل التقارير في وضع dry-run وايضا بدونه لكن يجب التركيز على ان لم يكن وضع ال dry-run يعمل فيجب وضع مسارات الملفات الاساسية وليس المسار بعد نقلها لسلة المهملات


ايضا
وضع dry run لم استطع التحكم به ايقافه وتشغيله من داخل واجهة البرنامج بل من الملف الخارجي فقط
يرجى التأكد منه في الواجهة في قسم الاعدادات 



